C:\ST\STM32CubeIDE_1.14.0\STM32CubeIDE\plugins\com.st.stm32cube.ide.mcu.externaltools.gnu-tools-for-stm32.12.3.rel1.win32_1.0.200.202406191623\tools\arm-none-eabi\include\c++\12.3.1\arm-none-eabi\thumb\v7-m\nofp\bits\gthr-default.h:229:1:int __gthread_key_delete(__gthread_key_t)	16	static
../Core/cpp/main_cpp.cpp:11:6:void main_cpp(ADC_HandleTypeDef*)	24	static
../Core/cpp/main_cpp.cpp:22:1:void __static_initialization_and_destruction_0(int, int)	16	static
../Core/cpp/main_cpp.cpp:22:1:cpp)	8	static
../Core/cpp/main_cpp.cpp:22:1:cpp)	8	static
